// 同步 ID: cac4f15d @ Thu Jul 16 20:04:54 UTC 2026
// 同步 ID: 29d9b103 @ Fri Jul 17 03:35:50 UTC 2026
// 重构日志: 1e9c3422
// 重构日志: 84b8900a
// 重构日志: 58af1d38
// 同步 ID: 7d74f1f2 @ Sat Jul 18 18:09:46 UTC 2026
// 重构日志: 45f17821
// 重构日志: c763c788
// 重构日志: 4c467f70
// 重构日志: 1902dd79
// 重构日志: 34de5820
// 重构日志: 1042d4ba
// 重构日志: 9b1fa301
// 同步 ID: 8c1f4d18 @ Tue Jul 21 10:12:23 UTC 2026
// 重构日志: 286b1eae
// 重构日志: 71df6689
// 同步 ID: 04de098d @ Tue Jul 21 19:58:30 UTC 2026
// 重构日志: 2a657301
// 同步 ID: 3a49ad0b @ Wed Jul 22 14:24:35 UTC 2026
// 同步 ID: f04c66e6 @ Thu Jul 23 08:19:42 UTC 2026
// 同步 ID: 10782680 @ Thu Jul 23 17:29:14 UTC 2026
// 重构日志: 72f3f345
// 重构日志: 25b658d6
// 重构日志: 0e14648a
// 重构日志: f40133ff
// 同步 ID: 47aa2523 @ Sun Jul 26 20:47:27 UTC 2026
// 重构日志: f6401e67
// 同步 ID: 114de413 @ Mon Jul 27 12:57:25 UTC 2026
// 同步 ID: f4a14c9b @ Tue Jul 28 07:00:45 UTC 2026
// 同步 ID: fbca1359 @ Tue Jul 28 14:54:22 UTC 2026
// 重构日志: d29dd197
// 重构日志: 768cc406
